[2026/01/16 23:58:28] cli
[2026/01/16 23:58:28] Array
(
    [0] => kn         37717  100  0.2 491808 45872 pts/2    S    08:58   0:00 /usr/bin/php /var/www/cgi-bin/kendo-realtime/src/pdf_queue.php
)

[2026/01/16 23:58:28] queue (0)
[2026/01/16 23:58:29] queue (0)
[2026/01/16 23:58:30] queue (0)
[2026/01/16 23:58:31] queue (0)
[2026/01/16 23:58:32] queue (0)
[2026/01/16 23:58:33] queue (0)
[2026/01/16 23:58:34] queue (0)
[2026/01/16 23:58:35] queue (0)
[2026/01/16 23:58:36] queue (0)
[2026/01/16 23:58:37] queue (0)
[2026/01/16 23:58:38] queue (0)
[2026/01/16 23:58:39] queue (0)
[2026/01/16 23:58:40] queue (0)
[2026/01/16 23:58:41] queue (0)
[2026/01/16 23:58:42] queue (0)
[2026/01/16 23:58:43] queue (0)
[2026/01/16 23:58:44] queue (0)
[2026/01/16 23:58:45] queue (0)
[2026/01/16 23:58:46] queue (0)
[2026/01/16 23:58:47] queue (0)
[2026/01/16 23:58:48] queue (0)
[2026/01/16 23:58:49] queue (0)
[2026/01/16 23:58:50] queue (0)
[2026/01/16 23:58:51] queue (0)
[2026/01/16 23:58:52] queue (0)
[2026/01/16 23:58:53] queue (0)
[2026/01/16 23:58:54] queue (0)
[2026/01/16 23:58:55] queue (0)
[2026/01/16 23:58:56] queue (0)
[2026/01/16 23:58:57] queue (0)
[2026/01/16 23:58:58] queue (0)
[2026/01/16 23:58:59] queue (0)
[2026/01/16 23:59:00] queue (0)
[2026/01/16 23:59:01] queue (0)
[2026/01/16 23:59:02] queue (0)
[2026/01/16 23:59:03] queue (0)
[2026/01/16 23:59:04] queue (0)
[2026/01/16 23:59:05] queue (0)
[2026/01/16 23:59:06] queue (0)
[2026/01/16 23:59:07] queue (0)
[2026/01/16 23:59:08] queue (0)
[2026/01/16 23:59:09] queue (0)
[2026/01/16 23:59:10] queue (0)
[2026/01/16 23:59:11] queue (0)
[2026/01/16 23:59:12] queue (0)
[2026/01/16 23:59:13] queue (0)
[2026/01/16 23:59:14] queue (0)
[2026/01/16 23:59:15] queue (0)
[2026/01/16 23:59:16] queue (0)
[2026/01/16 23:59:17] queue (0)
[2026/01/16 23:59:18] queue (0)
[2026/01/16 23:59:19] queue (0)
[2026/01/16 23:59:20] queue (0)
[2026/01/16 23:59:21] queue (0)
[2026/01/16 23:59:22] queue (0)
[2026/01/16 23:59:23] queue (0)
[2026/01/16 23:59:24] queue (0)
[2026/01/16 23:59:25] queue (0)
[2026/01/16 23:59:26] queue (0)
[2026/01/16 23:59:27] queue (0)
[2026/01/16 23:59:28] queue (0)
[2026/01/16 23:59:29] queue (0)
[2026/01/16 23:59:30] queue (0)
[2026/01/16 23:59:31] queue (0)
[2026/01/16 23:59:32] queue (0)
[2026/01/16 23:59:33] queue (0)
[2026/01/16 23:59:34] queue (0)
[2026/01/16 23:59:35] queue (0)
[2026/01/16 23:59:36] queue (0)
[2026/01/16 23:59:37] queue (0)
[2026/01/16 23:59:38] queue (0)
[2026/01/16 23:59:39] queue (0)
[2026/01/16 23:59:40] queue (0)
[2026/01/16 23:59:41] queue (0)
[2026/01/16 23:59:42] queue (0)
[2026/01/16 23:59:43] queue (0)
[2026/01/16 23:59:44] queue (0)
[2026/01/16 23:59:45] queue (0)
[2026/01/16 23:59:46] queue (0)
[2026/01/16 23:59:47] queue (0)
[2026/01/16 23:59:48] queue (0)
[2026/01/16 23:59:49] queue (0)
[2026/01/16 23:59:50] queue (0)
[2026/01/16 23:59:51] queue (0)
[2026/01/16 23:59:52] queue (0)
[2026/01/16 23:59:53] queue (0)
[2026/01/16 23:59:54] queue (0)
[2026/01/16 23:59:55] queue (0)
[2026/01/16 23:59:56] queue (0)
[2026/01/16 23:59:57] queue (0)
[2026/01/16 23:59:58] queue (0)
[2026/01/16 23:59:59] queue (0)
